Resource Usage Report for u8 

Mapping to part: m2gl005vf256std
Cell usage:
CCC             2 uses
CLKINT          11 uses
CLKINT_PRESERVE  6 uses
MSS_005         1 use
SYSRESET        1 use
CFG1           45 uses
CFG2           449 uses
CFG3           308 uses
CFG4           980 uses

Carry cells:
ARI1            1317 uses - used for arithmetic functions
ARI1            64 uses - used for Wide-Mux implementation
Total ARI1      1381 uses


Sequential Cells: 
SLE            3697 uses

DSP Blocks:    0 of 11 (0%)

I/O ports: 30
I/O primitives: 29
BIBUF          8 uses
INBUF          4 uses
OUTBUF         9 uses
TRIBUFF        8 uses


Global Clock Buffers: 11 of 8 (137%)


Total LUTs:    3163

Extra resources required for RAM and MACC interface logic during P&R:

RAM64x18 Interface Logic : SLEs = 0; LUTs = 0;
RAM1K18  Interface Logic : SLEs = 72; LUTs = 72;
MACC     Interface Logic : SLEs = 0; LUTs = 0;

Total number of SLEs after P&R:  3697 + 0 + 72 + 0 = 3769;
Total number of LUTs after P&R:  3163 + 0 + 72 + 0 = 3235;

